#contig	start	end	signal
one	99	149	{"SplitRead":{"read_name":"pair_expected","is_first":false,"contig":"one","start":99,"end":149,"clipped_sides":"Right"}}
one	99	149	{"PairedRead":{"read_name":"pair_expected","is_first1":false,"contig1":"one","start1":99,"end1":149,"strand1":"Forward","contig2":null,"start2":null,"strand2":null,"tlen":null}}
one	100099	100149	{"SplitRead":{"read_name":"pair_expected","is_first":true,"contig":"one","start":100099,"end":100149,"clipped_sides":"Left"}}
